<math xmlns="http://www.w3.org/1998/Math/MathML" id="p1.1.m1.1" class="ltx_Math" alttext="\frac{1}{(1-2^{1-s})}" display="inline">
  <semantics id="p1.1.m1.1a">
    <mfrac id="p1.1.m1.1.1" xref="p1.1.m1.1.1.cmml">
      <mn id="p1.1.m1.1.1.2" xref="p1.1.m1.1.1.2.cmml">1</mn>
      <mrow id="p1.1.m1.1.1.3" xref="p1.1.m1.1.1.3.8.cmml">
        <mo stretchy="false" id="p1.1.m1.1.1.3.1" xref="p1.1.m1.1.1.3.8.cmml">(</mo>
        <mrow id="p1.1.m1.1.1.3.8" xref="p1.1.m1.1.1.3.8.cmml">
          <mn id="p1.1.m1.1.1.3.2" xref="p1.1.m1.1.1.3.2.cmml">1</mn>
          <mo id="p1.1.m1.1.1.3.3" xref="p1.1.m1.1.1.3.3.cmml">-</mo>
          <msup id="p1.1.m1.1.1.3.8.1" xref="p1.1.m1.1.1.3.8.1.cmml">
            <mn id="p1.1.m1.1.1.3.4" xref="p1.1.m1.1.1.3.4.cmml">2</mn>
            <mrow id="p1.1.m1.1.1.3.5.1" xref="p1.1.m1.1.1.3.5.1.cmml">
              <mn id="p1.1.m1.1.1.3.5.1.1" xref="p1.1.m1.1.1.3.5.1.1.cmml">1</mn>
              <mo id="p1.1.m1.1.1.3.5.1.2" xref="p1.1.m1.1.1.3.5.1.2.cmml">-</mo>
              <mi id="p1.1.m1.1.1.3.5.1.3" xref="p1.1.m1.1.1.3.5.1.3.cmml">s</mi>
            </mrow>
          </msup>
        </mrow>
        <mo stretchy="false" id="p1.1.m1.1.1.3.6" xref="p1.1.m1.1.1.3.8.cmml">)</mo>
      </mrow>
    </mfrac>
    <annotation-xml encoding="MathML-Content" id="p1.1.m1.1b">
      <apply id="p1.1.m1.1.1.cmml" xref="p1.1.m1.1.1">
        <divide id="p1.1.m1.1.1.1.cmml" xref="p1.1.m1.1.1"/>
        <cn type="integer" id="p1.1.m1.1.1.2.cmml" xref="p1.1.m1.1.1.2">1</cn>
        <apply id="p1.1.m1.1.1.3.8.cmml" xref="p1.1.m1.1.1.3">
          <minus id="p1.1.m1.1.1.3.3.cmml" xref="p1.1.m1.1.1.3.3"/>
          <cn type="integer" id="p1.1.m1.1.1.3.2.cmml" xref="p1.1.m1.1.1.3.2">1</cn>
          <apply id="p1.1.m1.1.1.3.8.1.cmml" xref="p1.1.m1.1.1.3.8.1">
            <power id="p1.1.m1.1.1.3.8.1.1.cmml" xref="p1.1.m1.1.1.3.8.1"/>
            <cn type="integer" id="p1.1.m1.1.1.3.4.cmml" xref="p1.1.m1.1.1.3.4">2</cn>
            <apply id="p1.1.m1.1.1.3.5.1.cmml" xref="p1.1.m1.1.1.3.5.1">
              <minus id="p1.1.m1.1.1.3.5.1.2.cmml" xref="p1.1.m1.1.1.3.5.1.2"/>
              <cn type="integer" id="p1.1.m1.1.1.3.5.1.1.cmml" xref="p1.1.m1.1.1.3.5.1.1">1</cn>
              <ci id="p1.1.m1.1.1.3.5.1.3.cmml" xref="p1.1.m1.1.1.3.5.1.3">ùë†</ci>
            </apply>
          </apply>
        </apply>
      </apply>
    </annotation-xml>
    <annotation encoding="application/x-tex" id="p1.1.m1.1c">\frac{1}{(1-2^{1-s})}</annotation>
  </semantics>
</math>