<math xmlns="http://www.w3.org/1998/Math/MathML" id="p1.1.m1.1" class="ltx_Math" alttext="a+2b" display="inline">
  <semantics id="p1.1.m1.1a">
    <mrow id="p1.1.m1.1.5" xref="p1.1.m1.1.5.cmml">
      <mi id="p1.1.m1.1.1" xref="p1.1.m1.1.1.cmml">a</mi>
      <mo id="p1.1.m1.1.2" xref="p1.1.m1.1.2.cmml">+</mo>
      <mrow id="p1.1.m1.1.5.1" xref="p1.1.m1.1.5.1.cmml">
        <mn id="p1.1.m1.1.3" xref="p1.1.m1.1.3.cmml">2</mn>
        <mo id="p1.1.m1.1.5.1.1" xref="p1.1.m1.1.5.1.1.cmml">⁢</mo>
        <mi id="p1.1.m1.1.4" xref="p1.1.m1.1.4.cmml">b</mi>
      </mrow>
    </mrow>
    <annotation-xml encoding="MathML-Content" id="p1.1.m1.1b">
      <apply id="p1.1.m1.1.5.cmml" xref="p1.1.m1.1.5">
        <plus id="p1.1.m1.1.2.cmml" xref="p1.1.m1.1.2"/>
        <ci id="p1.1.m1.1.1.cmml" xref="p1.1.m1.1.1">𝑎</ci>
        <apply id="p1.1.m1.1.5.1.cmml" xref="p1.1.m1.1.5.1">
          <times id="p1.1.m1.1.5.1.1.cmml" xref="p1.1.m1.1.5.1.1"/>
          <cn type="integer" id="p1.1.m1.1.3.cmml" xref="p1.1.m1.1.3">2</cn>
          <ci id="p1.1.m1.1.4.cmml" xref="p1.1.m1.1.4">𝑏</ci>
        </apply>
      </apply>
    </annotation-xml>
  </semantics>
</math>